// Jest Snapshot v1, https://goo.gl/fbAQLP

exports[`CompanyInfo has right snapshot with all requirements completed 1`] = `
<div>
  <h2>
    Company Info! | Testing Props, Styles, Placeholder, Events, States and Snapshot
  </h2>
  <h3
    data-testid="companyName"
  >
    Company Name: Cognizant
  </h3>
  <p
    data-testid="foundedYear"
    style={
      Object {
        "backgroundColor": "black",
        "color": "rgb(0, 255, 0)",
      }
    }
  >
    Founded in: 
    2006
  </p>
  <button
    className="btn btn-primary"
  >
    JOIN COGNIZANT
  </button>
  <hr />
  <input
    onChange={[Function]}
    placeholder="Enter Your Country Name!"
    type="text"
    value="USA"
  />
  <p
    data-testid="visitWebsite"
  >
    Please visit Cognizant 
    USA
     Website
  </p>
</div>
`;
